<html>
<body>
<pre>
<h1>礦ision Build Log</h1>
<h2>Tool Versions:</h2>
IDE-Version: μVision V5.14.0.0
Copyright (C) 2015 ARM Ltd and ARM Germany GmbH. All rights reserved.
License Information: 11 1, 1, LIC=585FJ-U5CXD-LQU0Q-N36CA-6JJCA-9D6D8
 
Tool Versions:
Toolchain:       MDK-ARM Standard  Version: 5.14.0.0
Toolchain Path:  E:\zsy\MDK\ARM\ARMCC\Bin
C Compiler:      Armcc.exe V5.05 update 1 (build 106)
Assembler:       Armasm.exe V5.05 update 1 (build 106)
Linker/Locator:  ArmLink.exe V5.05 update 1 (build 106)
Library Manager: ArmAr.exe V5.05 update 1 (build 106)
Hex Converter:   FromElf.exe V5.05 update 1 (build 106)
CPU DLL:         SARMCM3.DLL V5.14.0.0
Dialog DLL:      DCM.DLL V1.13.1.0
Target DLL:      STLink\ST-LINKIII-KEIL_SWO.dll V2.0.14.0_KEIL
Dialog DLL:      TCM.DLL V1.14.4.0
 
<h2>Project:</h2>
E:\桌面\工作\DRG ST-4 STM32F103RCT6 V1.0_001上架资料\STM32最小系统相关资料\2.参考例程\标准库\5.彩色液晶屏驱动-基于1.69寸240x280分辨率\Project\F103.uvprojx
Project File Date:  11/23/2023

<h2>Output:</h2>
Rebuild target 'STM32F103'
compiling main.c...
compiling stm32f10x_it.c...
compiling delay.c...
compiling led.c...
compiling usart.c...
compiling lcd_spi_169.c...
compiling lcd_fonts.c...
compiling lcd_image.c...
compiling key.c...
compiling lcd_model.c...
assembling startup_stm32f10x_hd.s...
compiling system_stm32f10x.c...
compiling misc.c...
compiling stm32f10x_gpio.c...
compiling stm32f10x_rcc.c...
compiling stm32f10x_usart.c...
compiling stm32f10x_spi.c...
compiling stm32f10x_exti.c...
compiling stm32f10x_adc.c...
compiling stm32f10x_bkp.c...
compiling stm32f10x_can.c...
compiling stm32f10x_cec.c...
compiling stm32f10x_crc.c...
compiling stm32f10x_dac.c...
compiling stm32f10x_dbgmcu.c...
compiling stm32f10x_dma.c...
compiling stm32f10x_flash.c...
compiling stm32f10x_fsmc.c...
compiling stm32f10x_i2c.c...
compiling stm32f10x_iwdg.c...
compiling stm32f10x_pwr.c...
compiling stm32f10x_rtc.c...
compiling stm32f10x_sdio.c...
compiling stm32f10x_tim.c...
compiling stm32f10x_wwdg.c...
linking...
Program Size: Code=16812 RO-data=37092 RW-data=156 ZI-data=5012  
".\Objects\F103.axf" - 0 Error(s), 0 Warning(s).

<h2>Collection of Component include folders:</h2>
  E:\桌面\工作\DRG ST-4 STM32F103RCT6 V1.0_001上架资料\STM32最小系统相关资料\2.参考例程\标准库\5.彩色液晶屏驱动-基于1.69寸240x280分辨率\Project\RTE
  E:\zsy\MDK\ARM\PACK\Keil\STM32F1xx_DFP\1.0.5\Device\Include

<h2>Collection of Component Files used:</h2>
</pre>
</body>
</html>
